{"level":"error","message":"Erreur lors de l'initialisation du service email: nodemailer.createTransporter is not a function","stack":"TypeError: nodemailer.createTransporter is not a function\n    at EmailService.init (C:\\Users\\Administrateur\\monitorpro\\backend\\services\\emailService.js:27:37)\n    at new EmailService (C:\\Users\\Administrateur\\monitorpro\\backend\\services\\emailService.js:9:10)\n    at Object.<anonymous> (C:\\Users\\Administrateur\\monitorpro\\backend\\services\\emailService.js:458:18)\n    at Module._compile (node:internal/modules/cjs/loader:1469:14)\n    at Module._extensions..js (node:internal/modules/cjs/loader:1548:10)\n    at Module.load (node:internal/modules/cjs/loader:1288:32)\n    at Module._load (node:internal/modules/cjs/loader:1104:12)\n    at Module.require (node:internal/modules/cjs/loader:1311:19)\n    at require (node:internal/modules/helpers:179:18)\n    at Object.<anonymous> (C:\\Users\\Administrateur\\monitorpro\\backend\\services\\alertService.js:2:22)","timestamp":"2025-09-12 15:58:46"}
{"level":"info","message":"Configuration des middlewares...","timestamp":"2025-09-12 15:58:46"}
{"level":"info","message":"Configuration des routes...","timestamp":"2025-09-12 15:58:46"}
{"level":"info","message":"Connexion à la base de données...","timestamp":"2025-09-12 15:58:46"}
{"level":"info","message":"Configuration WebSocket...","timestamp":"2025-09-12 15:58:46"}
{"level":"info","message":"Démarrage des tâches cron de monitoring","timestamp":"2025-09-12 15:58:46"}
{"level":"info","message":"Toutes les tâches cron sont démarrées","timestamp":"2025-09-12 15:58:46"}
{"level":"info","message":"Environnement: undefined","timestamp":"2025-09-12 15:58:46"}
{"level":"info","message":"URL de santé: http://localhost:3001/health","timestamp":"2025-09-12 15:58:46"}
{"level":"error","message":"Impossible de se connecter à la base de données: Access denied for user 'root'@'localhost' (using password: YES)","name":"SequelizeAccessDeniedError","original":{"code":"ER_ACCESS_DENIED_ERROR","errno":1045,"sqlMessage":"Access denied for user 'root'@'localhost' (using password: YES)","sqlState":"28000"},"parent":{"code":"ER_ACCESS_DENIED_ERROR","errno":1045,"sqlMessage":"Access denied for user 'root'@'localhost' (using password: YES)","sqlState":"28000"},"stack":"SequelizeAccessDeniedError: Access denied for user 'root'@'localhost' (using password: YES)\n    at ConnectionManager.connect (C:\\Users\\Administrateur\\monitorpro\\backend\\node_modules\\sequelize\\lib\\dialects\\mysql\\connection-manager.js:94:17)\n    at process.processTicksAndRejections (node:internal/process/task_queues:95:5)\n    at async ConnectionManager._connect (C:\\Users\\Administrateur\\monitorpro\\backend\\node_modules\\sequelize\\lib\\dialects\\abstract\\connection-manager.js:222:24)\n    at async C:\\Users\\Administrateur\\monitorpro\\backend\\node_modules\\sequelize\\lib\\dialects\\abstract\\connection-manager.js:174:32\n    at async ConnectionManager.getConnection (C:\\Users\\Administrateur\\monitorpro\\backend\\node_modules\\sequelize\\lib\\dialects\\abstract\\connection-manager.js:197:7)\n    at async C:\\Users\\Administrateur\\monitorpro\\backend\\node_modules\\sequelize\\lib\\sequelize.js:305:26\n    at async Sequelize.authenticate (C:\\Users\\Administrateur\\monitorpro\\backend\\node_modules\\sequelize\\lib\\sequelize.js:457:5)\n    at async MonitorProApp.initializeDatabase (C:\\Users\\Administrateur\\monitorpro\\backend\\app.js:199:7)","timestamp":"2025-09-12 15:58:46"}
{"level":"info","message":"Configuration des middlewares...","timestamp":"2025-09-12 15:59:17"}
{"level":"info","message":"Configuration des routes...","timestamp":"2025-09-12 15:59:17"}
{"level":"info","message":"Connexion à la base de données...","timestamp":"2025-09-12 15:59:17"}
{"level":"info","message":"Configuration WebSocket...","timestamp":"2025-09-12 15:59:17"}
{"level":"info","message":"Démarrage des tâches cron de monitoring","timestamp":"2025-09-12 15:59:17"}
{"level":"info","message":"Toutes les tâches cron sont démarrées","timestamp":"2025-09-12 15:59:17"}
{"level":"info","message":"Environnement: undefined","timestamp":"2025-09-12 15:59:17"}
{"level":"info","message":"URL de santé: http://localhost:3001/health","timestamp":"2025-09-12 15:59:17"}
{"level":"error","message":"Impossible de se connecter à la base de données: Access denied for user 'root'@'localhost' (using password: YES)","name":"SequelizeAccessDeniedError","original":{"code":"ER_ACCESS_DENIED_ERROR","errno":1045,"sqlMessage":"Access denied for user 'root'@'localhost' (using password: YES)","sqlState":"28000"},"parent":{"code":"ER_ACCESS_DENIED_ERROR","errno":1045,"sqlMessage":"Access denied for user 'root'@'localhost' (using password: YES)","sqlState":"28000"},"stack":"SequelizeAccessDeniedError: Access denied for user 'root'@'localhost' (using password: YES)\n    at ConnectionManager.connect (C:\\Users\\Administrateur\\monitorpro\\backend\\node_modules\\sequelize\\lib\\dialects\\mysql\\connection-manager.js:94:17)\n    at process.processTicksAndRejections (node:internal/process/task_queues:95:5)\n    at async ConnectionManager._connect (C:\\Users\\Administrateur\\monitorpro\\backend\\node_modules\\sequelize\\lib\\dialects\\abstract\\connection-manager.js:222:24)\n    at async C:\\Users\\Administrateur\\monitorpro\\backend\\node_modules\\sequelize\\lib\\dialects\\abstract\\connection-manager.js:174:32\n    at async ConnectionManager.getConnection (C:\\Users\\Administrateur\\monitorpro\\backend\\node_modules\\sequelize\\lib\\dialects\\abstract\\connection-manager.js:197:7)\n    at async C:\\Users\\Administrateur\\monitorpro\\backend\\node_modules\\sequelize\\lib\\sequelize.js:305:26\n    at async Sequelize.authenticate (C:\\Users\\Administrateur\\monitorpro\\backend\\node_modules\\sequelize\\lib\\sequelize.js:457:5)\n    at async MonitorProApp.initializeDatabase (C:\\Users\\Administrateur\\monitorpro\\backend\\app.js:199:7)","timestamp":"2025-09-12 15:59:17"}
{"level":"info","message":"Configuration des middlewares...","timestamp":"2025-09-12 15:59:23"}
{"level":"info","message":"Configuration des routes...","timestamp":"2025-09-12 15:59:23"}
{"level":"info","message":"Connexion à la base de données...","timestamp":"2025-09-12 15:59:23"}
{"level":"info","message":"Configuration WebSocket...","timestamp":"2025-09-12 15:59:23"}
{"level":"info","message":"Démarrage des tâches cron de monitoring","timestamp":"2025-09-12 15:59:23"}
{"level":"info","message":"Toutes les tâches cron sont démarrées","timestamp":"2025-09-12 15:59:23"}
{"level":"info","message":"Environnement: undefined","timestamp":"2025-09-12 15:59:23"}
{"level":"info","message":"URL de santé: http://localhost:3001/health","timestamp":"2025-09-12 15:59:23"}
{"level":"error","message":"Impossible de se connecter à la base de données: Access denied for user 'root'@'localhost' (using password: YES)","name":"SequelizeAccessDeniedError","original":{"code":"ER_ACCESS_DENIED_ERROR","errno":1045,"sqlMessage":"Access denied for user 'root'@'localhost' (using password: YES)","sqlState":"28000"},"parent":{"code":"ER_ACCESS_DENIED_ERROR","errno":1045,"sqlMessage":"Access denied for user 'root'@'localhost' (using password: YES)","sqlState":"28000"},"stack":"SequelizeAccessDeniedError: Access denied for user 'root'@'localhost' (using password: YES)\n    at ConnectionManager.connect (C:\\Users\\Administrateur\\monitorpro\\backend\\node_modules\\sequelize\\lib\\dialects\\mysql\\connection-manager.js:94:17)\n    at process.processTicksAndRejections (node:internal/process/task_queues:95:5)\n    at async ConnectionManager._connect (C:\\Users\\Administrateur\\monitorpro\\backend\\node_modules\\sequelize\\lib\\dialects\\abstract\\connection-manager.js:222:24)\n    at async C:\\Users\\Administrateur\\monitorpro\\backend\\node_modules\\sequelize\\lib\\dialects\\abstract\\connection-manager.js:174:32\n    at async ConnectionManager.getConnection (C:\\Users\\Administrateur\\monitorpro\\backend\\node_modules\\sequelize\\lib\\dialects\\abstract\\connection-manager.js:197:7)\n    at async C:\\Users\\Administrateur\\monitorpro\\backend\\node_modules\\sequelize\\lib\\sequelize.js:305:26\n    at async Sequelize.authenticate (C:\\Users\\Administrateur\\monitorpro\\backend\\node_modules\\sequelize\\lib\\sequelize.js:457:5)\n    at async MonitorProApp.initializeDatabase (C:\\Users\\Administrateur\\monitorpro\\backend\\app.js:199:7)","timestamp":"2025-09-12 15:59:23"}
{"level":"info","message":"Configuration des middlewares...","timestamp":"2025-09-12 16:00:07"}
{"level":"info","message":"Configuration des routes...","timestamp":"2025-09-12 16:00:07"}
{"level":"info","message":"Connexion à la base de données...","timestamp":"2025-09-12 16:00:07"}
{"level":"info","message":"Configuration WebSocket...","timestamp":"2025-09-12 16:00:07"}
{"level":"info","message":"Démarrage des tâches cron de monitoring","timestamp":"2025-09-12 16:00:07"}
{"level":"info","message":"Toutes les tâches cron sont démarrées","timestamp":"2025-09-12 16:00:07"}
{"level":"info","message":"Environnement: undefined","timestamp":"2025-09-12 16:00:07"}
{"level":"info","message":"URL de santé: http://localhost:3001/health","timestamp":"2025-09-12 16:00:07"}
{"level":"error","message":"Impossible de se connecter à la base de données: Access denied for user 'root'@'localhost' (using password: YES)","name":"SequelizeAccessDeniedError","original":{"code":"ER_ACCESS_DENIED_ERROR","errno":1045,"sqlMessage":"Access denied for user 'root'@'localhost' (using password: YES)","sqlState":"28000"},"parent":{"code":"ER_ACCESS_DENIED_ERROR","errno":1045,"sqlMessage":"Access denied for user 'root'@'localhost' (using password: YES)","sqlState":"28000"},"stack":"SequelizeAccessDeniedError: Access denied for user 'root'@'localhost' (using password: YES)\n    at ConnectionManager.connect (C:\\Users\\Administrateur\\monitorpro\\backend\\node_modules\\sequelize\\lib\\dialects\\mysql\\connection-manager.js:94:17)\n    at process.processTicksAndRejections (node:internal/process/task_queues:95:5)\n    at async ConnectionManager._connect (C:\\Users\\Administrateur\\monitorpro\\backend\\node_modules\\sequelize\\lib\\dialects\\abstract\\connection-manager.js:222:24)\n    at async C:\\Users\\Administrateur\\monitorpro\\backend\\node_modules\\sequelize\\lib\\dialects\\abstract\\connection-manager.js:174:32\n    at async ConnectionManager.getConnection (C:\\Users\\Administrateur\\monitorpro\\backend\\node_modules\\sequelize\\lib\\dialects\\abstract\\connection-manager.js:197:7)\n    at async C:\\Users\\Administrateur\\monitorpro\\backend\\node_modules\\sequelize\\lib\\sequelize.js:305:26\n    at async Sequelize.authenticate (C:\\Users\\Administrateur\\monitorpro\\backend\\node_modules\\sequelize\\lib\\sequelize.js:457:5)\n    at async MonitorProApp.initializeDatabase (C:\\Users\\Administrateur\\monitorpro\\backend\\app.js:199:7)","timestamp":"2025-09-12 16:00:07"}
{"level":"info","message":"Configuration des middlewares...","timestamp":"2025-09-12 16:00:31"}
{"level":"info","message":"Configuration des routes...","timestamp":"2025-09-12 16:00:31"}
{"level":"info","message":"Connexion à la base de données...","timestamp":"2025-09-12 16:00:31"}
{"level":"info","message":"Configuration WebSocket...","timestamp":"2025-09-12 16:00:31"}
{"level":"info","message":"Démarrage des tâches cron de monitoring","timestamp":"2025-09-12 16:00:31"}
{"level":"info","message":"Toutes les tâches cron sont démarrées","timestamp":"2025-09-12 16:00:31"}
{"level":"info","message":"Environnement: undefined","timestamp":"2025-09-12 16:00:31"}
{"level":"info","message":"URL de santé: http://localhost:3001/health","timestamp":"2025-09-12 16:00:31"}
{"level":"info","message":"Service email configuré avec succès","timestamp":"2025-09-12 16:00:32"}
{"level":"info","message":"Démarrage du service de monitoring","timestamp":"2025-09-12 16:00:36"}
{"level":"info","message":"0 sites chargés pour monitoring","timestamp":"2025-09-12 16:00:36"}
{"level":"info","message":"Service de monitoring démarré via cron","timestamp":"2025-09-12 16:00:36"}
{"alerts":{"activeCooldowns":0,"cooldownPeriod":600000,"isProcessing":false,"queueLength":0},"level":"debug","message":"Health check:","monitoring":{"currentChecks":0,"isRunning":true,"maxConcurrentChecks":50,"sitesInQueue":0},"timestamp":"2025-09-12 16:05:00"}
{"error":"Route non trouvée - /favicon.ico","ip":"::1","level":"error","message":"Erreur serveur:","method":"GET","stack":"Error: Route non trouvée - /favicon.ico\n    at C:\\Users\\Administrateur\\monitorpro\\backend\\app.js:289:21\n    at Layer.handle [as handle_request] (C:\\Users\\Administrateur\\monitorpro\\backend\\node_modules\\express\\lib\\router\\layer.js:95:5)\n    at trim_prefix (C:\\Users\\Administrateur\\monitorpro\\backend\\node_modules\\express\\lib\\router\\index.js:328:13)\n    at C:\\Users\\Administrateur\\monitorpro\\backend\\node_modules\\express\\lib\\router\\index.js:286:9\n    at Function.process_params (C:\\Users\\Administrateur\\monitorpro\\backend\\node_modules\\express\\lib\\router\\index.js:346:12)\n    at next (C:\\Users\\Administrateur\\monitorpro\\backend\\node_modules\\express\\lib\\router\\index.js:280:10)\n    at C:\\Users\\Administrateur\\monitorpro\\backend\\app.js:125:7\n    at Layer.handle [as handle_request] (C:\\Users\\Administrateur\\monitorpro\\backend\\node_modules\\express\\lib\\router\\layer.js:95:5)\n    at trim_prefix (C:\\Users\\Administrateur\\monitorpro\\backend\\node_modules\\express\\lib\\router\\index.js:328:13)\n    at C:\\Users\\Administrateur\\monitorpro\\backend\\node_modules\\express\\lib\\router\\index.js:286:9","timestamp":"2025-09-12 16:09:21","url":"/favicon.ico","userAgent":"Mozilla/5.0 (Windows NT 10.0; Win64; x64) AppleWebKit/537.36 (KHTML, like Gecko) Chrome/140.0.0.0 Safari/537.36 Edg/140.0.0.0"}
{"error":"Route non trouvée - /logo192.png","ip":"::1","level":"error","message":"Erreur serveur:","method":"GET","stack":"Error: Route non trouvée - /logo192.png\n    at C:\\Users\\Administrateur\\monitorpro\\backend\\app.js:289:21\n    at Layer.handle [as handle_request] (C:\\Users\\Administrateur\\monitorpro\\backend\\node_modules\\express\\lib\\router\\layer.js:95:5)\n    at trim_prefix (C:\\Users\\Administrateur\\monitorpro\\backend\\node_modules\\express\\lib\\router\\index.js:328:13)\n    at C:\\Users\\Administrateur\\monitorpro\\backend\\node_modules\\express\\lib\\router\\index.js:286:9\n    at Function.process_params (C:\\Users\\Administrateur\\monitorpro\\backend\\node_modules\\express\\lib\\router\\index.js:346:12)\n    at next (C:\\Users\\Administrateur\\monitorpro\\backend\\node_modules\\express\\lib\\router\\index.js:280:10)\n    at C:\\Users\\Administrateur\\monitorpro\\backend\\app.js:125:7\n    at Layer.handle [as handle_request] (C:\\Users\\Administrateur\\monitorpro\\backend\\node_modules\\express\\lib\\router\\layer.js:95:5)\n    at trim_prefix (C:\\Users\\Administrateur\\monitorpro\\backend\\node_modules\\express\\lib\\router\\index.js:328:13)\n    at C:\\Users\\Administrateur\\monitorpro\\backend\\node_modules\\express\\lib\\router\\index.js:286:9","timestamp":"2025-09-12 16:09:21","url":"/logo192.png","userAgent":"Mozilla/5.0 (Windows NT 10.0; Win64; x64) AppleWebKit/537.36 (KHTML, like Gecko) Chrome/140.0.0.0 Safari/537.36 Edg/140.0.0.0"}
{"alerts":{"activeCooldowns":0,"cooldownPeriod":600000,"isProcessing":false,"queueLength":0},"level":"debug","message":"Health check:","monitoring":{"currentChecks":0,"isRunning":true,"maxConcurrentChecks":50,"sitesInQueue":0},"timestamp":"2025-09-12 16:10:00"}
{"error":"Route non trouvée - /logo192.png","ip":"::1","level":"error","message":"Erreur serveur:","method":"GET","stack":"Error: Route non trouvée - /logo192.png\n    at C:\\Users\\Administrateur\\monitorpro\\backend\\app.js:289:21\n    at Layer.handle [as handle_request] (C:\\Users\\Administrateur\\monitorpro\\backend\\node_modules\\express\\lib\\router\\layer.js:95:5)\n    at trim_prefix (C:\\Users\\Administrateur\\monitorpro\\backend\\node_modules\\express\\lib\\router\\index.js:328:13)\n    at C:\\Users\\Administrateur\\monitorpro\\backend\\node_modules\\express\\lib\\router\\index.js:286:9\n    at Function.process_params (C:\\Users\\Administrateur\\monitorpro\\backend\\node_modules\\express\\lib\\router\\index.js:346:12)\n    at next (C:\\Users\\Administrateur\\monitorpro\\backend\\node_modules\\express\\lib\\router\\index.js:280:10)\n    at C:\\Users\\Administrateur\\monitorpro\\backend\\app.js:125:7\n    at Layer.handle [as handle_request] (C:\\Users\\Administrateur\\monitorpro\\backend\\node_modules\\express\\lib\\router\\layer.js:95:5)\n    at trim_prefix (C:\\Users\\Administrateur\\monitorpro\\backend\\node_modules\\express\\lib\\router\\index.js:328:13)\n    at C:\\Users\\Administrateur\\monitorpro\\backend\\node_modules\\express\\lib\\router\\index.js:286:9","timestamp":"2025-09-12 16:10:02","url":"/logo192.png","userAgent":"Mozilla/5.0 (Windows NT 10.0; Win64; x64) AppleWebKit/537.36 (KHTML, like Gecko) Chrome/140.0.0.0 Safari/537.36 Edg/140.0.0.0"}
{"error":"Route non trouvée - /logo192.png","ip":"::1","level":"error","message":"Erreur serveur:","method":"GET","stack":"Error: Route non trouvée - /logo192.png\n    at C:\\Users\\Administrateur\\monitorpro\\backend\\app.js:289:21\n    at Layer.handle [as handle_request] (C:\\Users\\Administrateur\\monitorpro\\backend\\node_modules\\express\\lib\\router\\layer.js:95:5)\n    at trim_prefix (C:\\Users\\Administrateur\\monitorpro\\backend\\node_modules\\express\\lib\\router\\index.js:328:13)\n    at C:\\Users\\Administrateur\\monitorpro\\backend\\node_modules\\express\\lib\\router\\index.js:286:9\n    at Function.process_params (C:\\Users\\Administrateur\\monitorpro\\backend\\node_modules\\express\\lib\\router\\index.js:346:12)\n    at next (C:\\Users\\Administrateur\\monitorpro\\backend\\node_modules\\express\\lib\\router\\index.js:280:10)\n    at C:\\Users\\Administrateur\\monitorpro\\backend\\app.js:125:7\n    at Layer.handle [as handle_request] (C:\\Users\\Administrateur\\monitorpro\\backend\\node_modules\\express\\lib\\router\\layer.js:95:5)\n    at trim_prefix (C:\\Users\\Administrateur\\monitorpro\\backend\\node_modules\\express\\lib\\router\\index.js:328:13)\n    at C:\\Users\\Administrateur\\monitorpro\\backend\\node_modules\\express\\lib\\router\\index.js:286:9","timestamp":"2025-09-12 16:13:24","url":"/logo192.png","userAgent":"Mozilla/5.0 (Windows NT 10.0; Win64; x64) AppleWebKit/537.36 (KHTML, like Gecko) Chrome/140.0.0.0 Safari/537.36 Edg/140.0.0.0"}
{"alerts":{"activeCooldowns":0,"cooldownPeriod":600000,"isProcessing":false,"queueLength":0},"level":"debug","message":"Health check:","monitoring":{"currentChecks":0,"isRunning":true,"maxConcurrentChecks":50,"sitesInQueue":0},"timestamp":"2025-09-12 16:15:00"}
{"error":"Route non trouvée - /favicon.ico","ip":"::1","level":"error","message":"Erreur serveur:","method":"GET","stack":"Error: Route non trouvée - /favicon.ico\n    at C:\\Users\\Administrateur\\monitorpro\\backend\\app.js:289:21\n    at Layer.handle [as handle_request] (C:\\Users\\Administrateur\\monitorpro\\backend\\node_modules\\express\\lib\\router\\layer.js:95:5)\n    at trim_prefix (C:\\Users\\Administrateur\\monitorpro\\backend\\node_modules\\express\\lib\\router\\index.js:328:13)\n    at C:\\Users\\Administrateur\\monitorpro\\backend\\node_modules\\express\\lib\\router\\index.js:286:9\n    at Function.process_params (C:\\Users\\Administrateur\\monitorpro\\backend\\node_modules\\express\\lib\\router\\index.js:346:12)\n    at next (C:\\Users\\Administrateur\\monitorpro\\backend\\node_modules\\express\\lib\\router\\index.js:280:10)\n    at C:\\Users\\Administrateur\\monitorpro\\backend\\app.js:125:7\n    at Layer.handle [as handle_request] (C:\\Users\\Administrateur\\monitorpro\\backend\\node_modules\\express\\lib\\router\\layer.js:95:5)\n    at trim_prefix (C:\\Users\\Administrateur\\monitorpro\\backend\\node_modules\\express\\lib\\router\\index.js:328:13)\n    at C:\\Users\\Administrateur\\monitorpro\\backend\\node_modules\\express\\lib\\router\\index.js:286:9","timestamp":"2025-09-12 16:18:36","url":"/favicon.ico","userAgent":"Mozilla/5.0 (Windows NT 10.0; Win64; x64) AppleWebKit/537.36 (KHTML, like Gecko) Chrome/140.0.0.0 Safari/537.36 Edg/140.0.0.0"}
{"level":"info","message":"Signal SIGINT reçu, arrêt en cours...","timestamp":"2025-09-12 16:18:41"}
{"level":"info","message":"Configuration des middlewares...","timestamp":"2025-09-12 21:45:37"}
{"level":"info","message":"Configuration des routes...","timestamp":"2025-09-12 21:45:37"}
{"level":"info","message":"Connexion à la base de données...","timestamp":"2025-09-12 21:45:38"}
{"level":"info","message":"Configuration WebSocket...","timestamp":"2025-09-12 21:45:38"}
{"level":"info","message":"Démarrage des tâches cron de monitoring","timestamp":"2025-09-12 21:45:38"}
{"level":"info","message":"Toutes les tâches cron sont démarrées","timestamp":"2025-09-12 21:45:38"}
{"level":"info","message":"Environnement: undefined","timestamp":"2025-09-12 21:45:38"}
{"level":"info","message":"URL de santé: http://localhost:3001/health","timestamp":"2025-09-12 21:45:38"}
{"level":"info","message":"Service email configuré avec succès","timestamp":"2025-09-12 21:45:39"}
{"level":"info","message":"Démarrage du service de monitoring","timestamp":"2025-09-12 21:45:43"}
{"level":"info","message":"0 sites chargés pour monitoring","timestamp":"2025-09-12 21:45:43"}
{"level":"info","message":"Service de monitoring démarré via cron","timestamp":"2025-09-12 21:45:43"}
{"error":"Route non trouvée - /logo192.png","ip":"::1","level":"error","message":"Erreur serveur:","method":"GET","stack":"Error: Route non trouvée - /logo192.png\n    at C:\\Users\\Administrateur\\monitorpro\\backend\\app.js:289:21\n    at Layer.handle [as handle_request] (C:\\Users\\Administrateur\\monitorpro\\backend\\node_modules\\express\\lib\\router\\layer.js:95:5)\n    at trim_prefix (C:\\Users\\Administrateur\\monitorpro\\backend\\node_modules\\express\\lib\\router\\index.js:328:13)\n    at C:\\Users\\Administrateur\\monitorpro\\backend\\node_modules\\express\\lib\\router\\index.js:286:9\n    at Function.process_params (C:\\Users\\Administrateur\\monitorpro\\backend\\node_modules\\express\\lib\\router\\index.js:346:12)\n    at next (C:\\Users\\Administrateur\\monitorpro\\backend\\node_modules\\express\\lib\\router\\index.js:280:10)\n    at C:\\Users\\Administrateur\\monitorpro\\backend\\app.js:125:7\n    at Layer.handle [as handle_request] (C:\\Users\\Administrateur\\monitorpro\\backend\\node_modules\\express\\lib\\router\\layer.js:95:5)\n    at trim_prefix (C:\\Users\\Administrateur\\monitorpro\\backend\\node_modules\\express\\lib\\router\\index.js:328:13)\n    at C:\\Users\\Administrateur\\monitorpro\\backend\\node_modules\\express\\lib\\router\\index.js:286:9","timestamp":"2025-09-12 21:46:14","url":"/logo192.png","userAgent":"Mozilla/5.0 (Windows NT 10.0; Win64; x64) AppleWebKit/537.36 (KHTML, like Gecko) Chrome/140.0.0.0 Safari/537.36 Edg/140.0.0.0"}
{"alerts":{"activeCooldowns":0,"cooldownPeriod":600000,"isProcessing":false,"queueLength":0},"level":"debug","message":"Health check:","monitoring":{"currentChecks":0,"isRunning":true,"maxConcurrentChecks":50,"sitesInQueue":0},"timestamp":"2025-09-12 21:50:00"}
{"alerts":{"activeCooldowns":0,"cooldownPeriod":600000,"isProcessing":false,"queueLength":0},"level":"debug","message":"Health check:","monitoring":{"currentChecks":0,"isRunning":true,"maxConcurrentChecks":50,"sitesInQueue":0},"timestamp":"2025-09-12 21:55:00"}
{"level":"info","message":"Configuration des middlewares...","timestamp":"2025-09-12 21:57:54"}
{"level":"info","message":"Configuration des routes...","timestamp":"2025-09-12 21:57:54"}
{"level":"info","message":"Connexion à la base de données...","timestamp":"2025-09-12 21:57:54"}
{"level":"info","message":"Configuration WebSocket...","timestamp":"2025-09-12 21:57:54"}
{"level":"info","message":"Démarrage des tâches cron de monitoring","timestamp":"2025-09-12 21:57:54"}
{"level":"info","message":"Toutes les tâches cron sont démarrées","timestamp":"2025-09-12 21:57:55"}
{"level":"info","message":"Environnement: undefined","timestamp":"2025-09-12 21:57:55"}
{"level":"info","message":"URL de santé: http://localhost:3001/health","timestamp":"2025-09-12 21:57:55"}
{"level":"info","message":"Service email configuré avec succès","timestamp":"2025-09-12 21:57:56"}
{"level":"info","message":"Démarrage du service de monitoring","timestamp":"2025-09-12 21:57:59"}
{"level":"info","message":"0 sites chargés pour monitoring","timestamp":"2025-09-12 21:57:59"}
{"level":"info","message":"Service de monitoring démarré via cron","timestamp":"2025-09-12 21:57:59"}
{"level":"info","message":"Configuration des middlewares...","timestamp":"2025-09-12 21:58:25"}
{"level":"info","message":"Configuration des routes...","timestamp":"2025-09-12 21:58:25"}
{"level":"info","message":"Connexion à la base de données...","timestamp":"2025-09-12 21:58:25"}
{"level":"info","message":"Configuration WebSocket...","timestamp":"2025-09-12 21:58:25"}
{"level":"info","message":"Démarrage des tâches cron de monitoring","timestamp":"2025-09-12 21:58:25"}
{"level":"info","message":"Toutes les tâches cron sont démarrées","timestamp":"2025-09-12 21:58:25"}
{"level":"info","message":"Environnement: undefined","timestamp":"2025-09-12 21:58:25"}
{"level":"info","message":"URL de santé: http://localhost:3001/health","timestamp":"2025-09-12 21:58:25"}
{"level":"info","message":"Service email configuré avec succès","timestamp":"2025-09-12 21:58:26"}
{"level":"info","message":"Démarrage du service de monitoring","timestamp":"2025-09-12 21:58:30"}
{"level":"info","message":"0 sites chargés pour monitoring","timestamp":"2025-09-12 21:58:30"}
{"level":"info","message":"Service de monitoring démarré via cron","timestamp":"2025-09-12 21:58:30"}
{"level":"info","message":"Configuration des middlewares...","timestamp":"2025-09-12 21:58:47"}
{"level":"info","message":"Configuration des routes...","timestamp":"2025-09-12 21:58:47"}
{"level":"info","message":"Connexion à la base de données...","timestamp":"2025-09-12 21:58:47"}
{"level":"info","message":"Configuration WebSocket...","timestamp":"2025-09-12 21:58:47"}
{"level":"info","message":"Démarrage des tâches cron de monitoring","timestamp":"2025-09-12 21:58:47"}
{"level":"info","message":"Toutes les tâches cron sont démarrées","timestamp":"2025-09-12 21:58:47"}
{"level":"info","message":"Environnement: undefined","timestamp":"2025-09-12 21:58:47"}
{"level":"info","message":"URL de santé: http://localhost:3001/health","timestamp":"2025-09-12 21:58:47"}
{"level":"info","message":"Service email configuré avec succès","timestamp":"2025-09-12 21:58:48"}
{"level":"info","message":"Démarrage du service de monitoring","timestamp":"2025-09-12 21:58:52"}
{"level":"info","message":"0 sites chargés pour monitoring","timestamp":"2025-09-12 21:58:52"}
{"level":"info","message":"Service de monitoring démarré via cron","timestamp":"2025-09-12 21:58:52"}
{"alerts":{"activeCooldowns":0,"cooldownPeriod":600000,"isProcessing":false,"queueLength":0},"level":"debug","message":"Health check:","monitoring":{"currentChecks":0,"isRunning":true,"maxConcurrentChecks":50,"sitesInQueue":0},"timestamp":"2025-09-12 22:00:00"}
{"level":"debug","message":"Nettoyage des cooldowns d'alertes effectué","timestamp":"2025-09-12 22:00:00"}
{"level":"info","message":"Configuration des middlewares...","timestamp":"2025-09-12 22:02:26"}
{"level":"info","message":"Configuration des routes...","timestamp":"2025-09-12 22:02:26"}
{"level":"info","message":"Connexion à la base de données...","timestamp":"2025-09-12 22:02:26"}
{"level":"info","message":"Configuration WebSocket...","timestamp":"2025-09-12 22:02:26"}
{"level":"info","message":"Démarrage des tâches cron de monitoring","timestamp":"2025-09-12 22:02:26"}
{"level":"info","message":"Toutes les tâches cron sont démarrées","timestamp":"2025-09-12 22:02:26"}
{"level":"info","message":"Environnement: undefined","timestamp":"2025-09-12 22:02:26"}
{"level":"info","message":"URL de santé: http://localhost:3001/health","timestamp":"2025-09-12 22:02:26"}
{"level":"info","message":"Service email configuré avec succès","timestamp":"2025-09-12 22:02:28"}
{"level":"info","message":"Démarrage du service de monitoring","timestamp":"2025-09-12 22:02:31"}
{"level":"info","message":"0 sites chargés pour monitoring","timestamp":"2025-09-12 22:02:31"}
{"level":"info","message":"Service de monitoring démarré via cron","timestamp":"2025-09-12 22:02:31"}
{"alerts":{"activeCooldowns":0,"cooldownPeriod":600000,"isProcessing":false,"queueLength":0},"level":"debug","message":"Health check:","monitoring":{"currentChecks":0,"isRunning":true,"maxConcurrentChecks":50,"sitesInQueue":0},"timestamp":"2025-09-12 22:05:00"}
{"level":"info","message":"Signal SIGINT reçu, arrêt en cours...","timestamp":"2025-09-12 22:06:53"}
{"level":"info","message":"Configuration des middlewares...","timestamp":"2025-09-12 22:06:57"}
{"level":"info","message":"Configuration des routes...","timestamp":"2025-09-12 22:06:57"}
{"level":"info","message":"Connexion à la base de données...","timestamp":"2025-09-12 22:06:57"}
{"level":"info","message":"Configuration WebSocket...","timestamp":"2025-09-12 22:06:57"}
{"level":"info","message":"Démarrage des tâches cron de monitoring","timestamp":"2025-09-12 22:06:57"}
{"level":"info","message":"Toutes les tâches cron sont démarrées","timestamp":"2025-09-12 22:06:57"}
{"level":"info","message":"Environnement: undefined","timestamp":"2025-09-12 22:06:57"}
{"level":"info","message":"URL de santé: http://localhost:3001/health","timestamp":"2025-09-12 22:06:57"}
{"level":"info","message":"Service email configuré avec succès","timestamp":"2025-09-12 22:06:58"}
{"level":"info","message":"Démarrage du service de monitoring","timestamp":"2025-09-12 22:07:02"}
{"level":"info","message":"0 sites chargés pour monitoring","timestamp":"2025-09-12 22:07:02"}
{"level":"info","message":"Service de monitoring démarré via cron","timestamp":"2025-09-12 22:07:02"}
{"level":"info","message":"Site https://sodexca.com/ ajouté au monitoring","timestamp":"2025-09-12 22:08:27"}
{"level":"info","message":"Site sodexca créé par utilisateur 3","timestamp":"2025-09-12 22:08:27"}
{"level":"info","message":"Vérification forcée demandée pour https://sodexca.com/ par admin@example.com","timestamp":"2025-09-12 22:08:33"}
{"level":"debug","message":"Vérification de https://sodexca.com/","timestamp":"2025-09-12 22:08:37"}
{"alerts":{"activeCooldowns":0,"cooldownPeriod":600000,"isProcessing":false,"queueLength":0},"level":"debug","message":"Health check:","monitoring":{"currentChecks":0,"isRunning":true,"maxConcurrentChecks":50,"sitesInQueue":1},"timestamp":"2025-09-12 22:10:00"}
{"level":"info","message":"Site https://adactchad.org ajouté au monitoring","timestamp":"2025-09-12 22:11:16"}
{"level":"info","message":"Site ADAC créé par utilisateur 3","timestamp":"2025-09-12 22:11:16"}
{"level":"info","message":"Vérification forcée demandée pour https://adactchad.org par admin@example.com","timestamp":"2025-09-12 22:11:22"}
{"level":"debug","message":"Vérification de https://adactchad.org","timestamp":"2025-09-12 22:11:28"}
{"level":"info","message":"Statut changé pour https://adactchad.org: up → down","timestamp":"2025-09-12 22:11:29"}
{"level":"info","message":"Nouvel incident créé pour https://adactchad.org: high","timestamp":"2025-09-12 22:11:29"}
{"level":"warn","message":"Aucun utilisateur à notifier pour le site https://adactchad.org","timestamp":"2025-09-12 22:11:29"}
{"level":"info","message":"Vérification forcée demandée pour https://adactchad.org par admin@example.com","timestamp":"2025-09-12 22:11:34"}
{"level":"debug","message":"Vérification de https://adactchad.org","timestamp":"2025-09-12 22:11:38"}
{"level":"info","message":"Signal SIGINT reçu, arrêt en cours...","timestamp":"2025-09-12 22:12:00"}
